MERGED_CAND_CLUSTER_TYPE: ['chemical_hybrid', 'interleaved']
MIN_BGC_LENGTH: 0
MAX_BGC_LENGTH: 500000
CDS_OVERLAP_CUTOFF: 0.1
DOMAIN_OVERLAP_CUTOFF: 0.1
REGION_MIN_LCS_LEN: 0.1
PROTO_MIN_LCS_LEN: 0
REGION_MIN_EXTEND_LEN: 0.3
REGION_MIN_EXTEND_LEN_BIO: 0.2
PROTO_MIN_EXTEND_LEN: 0.2
NO_MIN_CLASSES: ['terpene']
EXTEND_MATCH_SCORE: 5
EXTEND_MISMATCH_SCORE: -3
EXTEND_GAP_SCORE: -2
EXTEND_MAX_MATCH_PERC: 0.1
PREFERENCE: 0.0
DENSITY: 0.85
DENSE_PREFERENCE: -5.0
TOP_FREQS: 3
ANCHOR_DOMAINS: ['PF02801', 'PF02624', 'PF00109', 'PF00501', 'PF02797', 'PF01397', 'PF03936', 'PF00432', 'PF00195', 'PF00494', 'PF00668', 'PF05147']
LEGACY_ANTISMASH_CLASSES: {'pks1_products': {'T1PKS', 't1pks'}, 'pksother_products': {'transAT-PKS', 'T2PKS', 'otherks', 'hglks', 't2pks', 'T3PKS', 'transatpks', 'hglE-KS', 'PKS-like', 't3pks', 'transAT-PKS-like'}, 'nrps_products': {'NRPS', 'NRPS-like', 'nrps', 'thioamide-NRP', 'NAPAA'}, 'ripps_products': {'guanidinotides', 'microviridin', 'thioamitides', 'LAP', 'epipeptide', 'RRE-containing', 'lanthipeptide', 'bottromycin', 'lanthipeptide-class-i', 'glycocin', 'RiPP-like', 'spliceotide', 'cyanobactin', 'TfuA-related', 'lanthipeptide-class-iii', 'bacteriocin', 'lantipeptide', 'sactipeptide', 'lassopeptide', 'linaridin', 'fungal-RiPP', 'lanthipeptide-class-v', 'redox-cofactor', 'lanthipeptide-class-ii', 'proteusin', 'ranthipeptide', 'head_to_tail', 'lipolanthine', 'cyclic-lactone-autoinducer', 'lanthipeptide-class-iv', 'RaS-RiPP', 'thiopeptide', 'microcin'}, 'saccharide_products': {'saccharide', 'oligosaccharide', 'cf_saccharide', 'amglyccycl'}, 'others_products': {'NAGGN', 'ectoine', 'PUFA', 'fused', 'acyl_amino_acids', 'aminocoumarin', 'phenazine', 'nucleoside', 'cf_fatty_acid', 'siderophore', 'pyrrolidine', 'hserlactone', 'butyrolactone', 'CDPS', 'fatty_acid', 'halogenated', 'PpyS-KS', 'phosphonate', 'resorcinol', 'tropodithietic-acid', 'blactam', 'arylpolyene', 'melanin', 'PBDE', 'indole', 'furan', 'cf_putative', 'other', 'betalactone', 'phosphoglycolipid', 'ladderane'}}
PROFILER_UPDATE_INTERVAL: 0.5
CONSERVE_MEMORY: False
KMER_SIZE: 10
SCALED: 100
